2026-05-18 06:20:14 INFO APIGateway API Gateway service initialized
2026-05-18 06:20:39 INFO APIGateway Routing configuration loaded successfully
2026-05-18 06:21:03 INFO APIGateway TLS certificates validated
2026-05-18 06:21:28 INFO APIGateway Incoming traffic monitoring enabled
2026-05-18 06:21:56 WARNING APIGateway Elevated request throughput detected
2026-05-18 06:22:17 INFO APIGateway Load balancer health checks passed
2026-05-18 06:22:41 WARNING APIGateway Increased authentication request latency observed
2026-05-18 06:23:06 ERROR APIGateway Upstream auth-service timeout detected
2026-05-18 06:23:32 WARNING APIGateway Retry queue length increasing
2026-05-18 06:23:58 ERROR APIGateway 502 Bad Gateway returned for login endpoint
2026-05-18 06:24:27 INFO APIGateway Automatic retry routing enabled
2026-05-18 06:24:53 WARNING APIGateway Request timeout rate exceeded threshold
2026-05-18 06:25:18 ERROR APIGateway Circuit breaker opened for auth-service
2026-05-18 06:25:44 WARNING APIGateway Elevated API response latency persists
2026-05-18 06:26:09 INFO APIGateway Traffic rerouted to healthy backend instances
2026-05-18 06:26:37 WARNING APIGateway Login endpoint experiencing heavy retry activity
2026-05-18 06:27:02 ERROR APIGateway Failed upstream connection to Redis-backed session service
2026-05-18 06:27:29 INFO APIGateway Temporary request throttling enabled
2026-05-18 06:27:56 WARNING APIGateway API gateway memory usage exceeded 82 percent
2026-05-18 06:28:21 ERROR APIGateway Excessive 5xx responses detected
2026-05-18 06:28:49 INFO APIGateway New gateway replica added successfully
2026-05-18 06:29:13 WARNING APIGateway Elevated websocket disconnect rate detected
2026-05-18 06:29:38 INFO APIGateway Gateway cache refresh completed
2026-05-18 06:30:02 WARNING APIGateway Upstream latency slowly improving
2026-05-18 06:30:29 INFO APIGateway Circuit breaker recovery initiated
2026-05-18 06:30:57 INFO APIGateway Request success rate stabilizing
2026-05-18 06:31:23 INFO APIGateway API gateway health restored successfully    