2026-05-20 09:55:01 INFO CI/CD Pipeline triggered branch=main commit=8fa21bc
2026-05-20 09:55:04 INFO GitHub Actions Build stage started
2026-05-20 09:55:08 INFO Docker Building auth-service image tag=v2.4.1
2026-05-20 09:55:14 INFO Docker Building payment-service image tag=v5.8.1
2026-05-20 09:55:19 INFO Docker Building order-service image tag=v3.4.3
2026-05-20 09:55:25 INFO Docker Images built successfully
2026-05-20 09:55:31 INFO Security Scan started
2026-05-20 09:55:37 INFO Security Scan completed vulnerabilities=0
2026-05-20 09:55:42 INFO Kubernetes Deployment started namespace=production
2026-05-20 09:55:46 INFO Kubernetes Rolling update initiated service=auth-api
2026-05-20 09:55:51 INFO Kubernetes Rolling update initiated service=payment-api
2026-05-20 09:55:56 INFO Kubernetes Rolling update initiated service=order-api
2026-05-20 09:56:03 INFO Kubernetes Terminated auth-api-pod-1
2026-05-20 09:56:07 INFO Kubernetes Created auth-api-pod-2
2026-05-20 09:56:11 INFO Kubernetes Started auth-api-pod-2
2026-05-20 09:56:15 INFO Kubernetes Healthcheck passed pod=auth-api-pod-2
2026-05-20 09:56:19 INFO Kubernetes Terminated payment-api-pod-1
2026-05-20 09:56:22 INFO Kubernetes Created payment-api-pod-2
2026-05-20 09:56:26 INFO Kubernetes Started payment-api-pod-2
2026-05-20 09:56:31 INFO Kubernetes Healthcheck passed pod=payment-api-pod-2
2026-05-20 09:56:35 INFO Kubernetes Terminated order-api-pod-1
2026-05-20 09:56:38 INFO Kubernetes Created order-api-pod-2
2026-05-20 09:56:42 INFO Kubernetes Started order-api-pod-2
2026-05-20 09:56:47 INFO Kubernetes Healthcheck passed pod=order-api-pod-2
2026-05-20 09:57:01 WARNING Deployment Increased startup latency detected service=auth-api
2026-05-20 09:57:06 WARNING Kubernetes Redis readiness probe delayed
2026-05-20 09:57:11 WARNING Kubernetes Redis network latency increased latency=2200ms
2026-05-20 09:57:15 ERROR AuthService Redis connection failed host=redis-prod
2026-05-20 09:57:18 ERROR AuthService Session initialization failed
2026-05-20 09:57:21 ERROR AuthService User authentication failed
2026-05-20 09:57:25 ERROR API Gateway Login requests returning status=500
2026-05-20 09:57:29 WARNING Kubernetes Pod restart triggered service=auth-api
2026-05-20 09:57:34 INFO Kubernetes Restarted auth-api-pod-2
2026-05-20 09:57:38 INFO Kubernetes Healthcheck passed pod=auth-api-pod-2
2026-05-20 09:57:44 INFO Deployment Monitoring deployment stability
2026-05-20 09:57:51 INFO Deployment Traffic routing restored
2026-05-20 09:57:58 INFO Deployment Post deployment validation started
2026-05-20 09:58:03 INFO Deployment Validation completed service=payment-api
2026-05-20 09:58:08 INFO Deployment Validation completed service=order-api
2026-05-20 09:58:13 WARNING Deployment Auth service error rate elevated error_rate=34%
2026-05-20 09:58:17 ERROR Monitoring Alert triggered severity=high service=auth-api
2026-05-20 09:58:24 INFO IncidentManager Incident created incident_id=INC10021
2026-05-20 09:58:31 INFO SRE Team notified escalation_policy=critical-auth
2026-05-20 09:58:39 INFO Deployment Rollback initiated service=auth-api
2026-05-20 09:58:44 INFO Kubernetes Deploying previous stable image tag=v2.4.0
2026-05-20 09:58:49 INFO Kubernetes Rollback pod created auth-api-pod-rollback-1
2026-05-20 09:58:53 INFO Kubernetes Rollback pod healthy auth-api-pod-rollback-1
2026-05-20 09:58:58 INFO Deployment Auth service rollback completed
2026-05-20 09:59:04 INFO Monitoring Error rate stabilized service=auth-api
2026-05-20 09:59:08 INFO IncidentManager Incident marked mitigated incident_id=INC10021
2026-05-20 09:59:14 INFO Deployment Deployment pipeline completed successfully
2026-05-18 07:40:11 INFO Deployment CI pipeline execution started
2026-05-18 07:40:38 INFO Deployment Pulling latest application source code
2026-05-18 07:41:02 INFO Deployment Docker image build initiated
2026-05-18 07:41:27 INFO Deployment Running automated unit tests
2026-05-18 07:41:56 INFO Deployment All unit tests passed successfully
2026-05-18 07:42:21 INFO Deployment Building auth-service:v2.4.1 image
2026-05-18 07:42:48 INFO Deployment Building payment-service:v1.9.0 image
2026-05-18 07:43:16 INFO Deployment Container image push to registry started
2026-05-18 07:43:44 INFO Deployment Kubernetes deployment manifest generated
2026-05-18 07:44:09 WARNING Deployment Deployment validation detected high memory allocation
2026-05-18 07:44:37 INFO Deployment Canary deployment started for auth-service
2026-05-18 07:45:01 INFO Deployment Traffic shifted to new auth-service pods
2026-05-18 07:45:29 WARNING Deployment Elevated API latency detected after rollout
2026-05-18 07:45:53 ERROR Deployment Health checks failed for auth-service-v2 pods
2026-05-18 07:46:18 WARNING Deployment Rolling deployment paused automatically
2026-05-18 07:46:42 ERROR Deployment Redis environment variable validation failed
2026-05-18 07:47:09 WARNING Deployment Increased container restart count observed
2026-05-18 07:47:34 INFO Deployment Deployment rollback procedure initiated
2026-05-18 07:48:02 WARNING Deployment Database migration execution delayed
2026-05-18 07:48:27 ERROR Deployment Pod readiness checks failed repeatedly
2026-05-18 07:48:54 INFO Deployment Previous stable replicas restored
2026-05-18 07:49:18 WARNING Deployment Elevated login failure rate detected
2026-05-18 07:49:44 INFO Deployment Traffic rollback to stable deployment completed
2026-05-18 07:50:09 WARNING Deployment API error rate still above threshold
2026-05-18 07:50:36 INFO Deployment Redis connection validation restarted
2026-05-18 07:51:01 INFO Deployment Service health gradually recovering
2026-05-18 07:51:27 INFO Deployment Canary deployment marked failed
2026-05-18 07:51:53 INFO Deployment Rollback verification checks passed
2026-05-18 07:52:18 INFO Deployment Production environment stabilized