2026-05-18 05:10:14 INFO LoadBalancer Primary ingress controller initialized
2026-05-18 05:10:37 INFO LoadBalancer Backend target groups registered
2026-05-18 05:11:02 INFO LoadBalancer TLS termination configured successfully
2026-05-18 05:11:28 INFO LoadBalancer Health checks enabled for all services
2026-05-18 05:11:56 WARNING LoadBalancer Elevated inbound traffic detected
2026-05-18 05:12:21 INFO LoadBalancer Traffic distribution balanced across replicas
2026-05-18 05:12:49 WARNING LoadBalancer Increased response latency from auth-service
2026-05-18 05:13:14 ERROR LoadBalancer Backend auth-service instance timeout detected
2026-05-18 05:13:38 WARNING LoadBalancer Retry requests increasing rapidly
2026-05-18 05:14:03 ERROR LoadBalancer Failed upstream health check for auth-service
2026-05-18 05:14:29 INFO LoadBalancer Removing unhealthy backend instance
2026-05-18 05:14:56 WARNING LoadBalancer Elevated 5xx error response rate detected
2026-05-18 05:15:18 ERROR LoadBalancer Request queue saturation threshold exceeded
2026-05-18 05:15:44 WARNING LoadBalancer Session stickiness imbalance detected
2026-05-18 05:16:09 INFO LoadBalancer Redirecting traffic to healthy instances
2026-05-18 05:16:33 WARNING LoadBalancer API retry amplification observed
2026-05-18 05:16:58 ERROR LoadBalancer Upstream connection reset detected
2026-05-18 05:17:26 INFO LoadBalancer Autoscaling additional ingress replicas
2026-05-18 05:17:51 WARNING LoadBalancer Backend latency remains elevated
2026-05-18 05:18:14 ERROR LoadBalancer Excessive authentication request failures detected
2026-05-18 05:18:39 INFO LoadBalancer Dynamic traffic throttling enabled
2026-05-18 05:19:03 WARNING LoadBalancer Healthy backend count below threshold
2026-05-18 05:19:28 INFO LoadBalancer New backend replicas registered successfully
2026-05-18 05:19:54 WARNING LoadBalancer Temporary packet retransmission spike detected
2026-05-18 05:20:21 INFO LoadBalancer Traffic stabilization improving gradually
2026-05-18 05:20:47 INFO LoadBalancer Error rate returning to normal range
2026-05-18 05:21:13 INFO LoadBalancer Load balancer health restored successfully