2026-05-18 04:32:11 INFO NginxIngress Ingress controller startup completed
2026-05-18 04:32:36 INFO NginxIngress SSL certificates loaded successfully
2026-05-18 04:33:02 INFO NginxIngress Routing configuration synchronized
2026-05-18 04:33:29 INFO NginxIngress Health probes configured for upstream services
2026-05-18 04:33:54 WARNING NginxIngress Elevated inbound traffic spike detected
2026-05-18 04:34:18 INFO NginxIngress Upstream auth-service latency within normal range
2026-05-18 04:34:46 WARNING NginxIngress Increased request queue wait time observed
2026-05-18 04:35:13 ERROR NginxIngress Upstream auth-service connection timeout
2026-05-18 04:35:37 WARNING NginxIngress Retry request volume increasing rapidly
2026-05-18 04:36:04 ERROR NginxIngress 502 Bad Gateway returned for login endpoint
2026-05-18 04:36:31 INFO NginxIngress Dynamic upstream failover activated
2026-05-18 04:36:58 WARNING NginxIngress API response latency exceeded 2400ms
2026-05-18 04:37:24 ERROR NginxIngress Upstream connection reset by peer
2026-05-18 04:37:52 WARNING NginxIngress Excessive retry amplification detected
2026-05-18 04:38:16 INFO NginxIngress Redirecting traffic to healthy upstream pods
2026-05-18 04:38:43 WARNING NginxIngress Elevated websocket disconnect rate observed
2026-05-18 04:39:08 ERROR NginxIngress Authentication endpoint unavailable temporarily
2026-05-18 04:39:36 INFO NginxIngress Additional ingress replicas registered
2026-05-18 04:40:01 WARNING NginxIngress Backend health check failures increasing
2026-05-18 04:40:28 ERROR NginxIngress Upstream request timeout threshold exceeded
2026-05-18 04:40:57 INFO NginxIngress Traffic throttling rules enabled
2026-05-18 04:41:23 WARNING NginxIngress Backend response instability persists
2026-05-18 04:41:49 INFO NginxIngress Upstream latency improving gradually
2026-05-18 04:42:15 WARNING NginxIngress Temporary packet retransmission spike detected
2026-05-18 04:42:42 INFO NginxIngress Request success rate stabilizing
2026-05-18 04:43:07 INFO NginxIngress Ingress controller health restored