2026-05-18 10:02:11 INFO PostgreSQL Primary database instance started
2026-05-18 10:02:33 INFO PostgreSQL Connection pool initialized successfully
2026-05-18 10:03:02 INFO PostgreSQL Replica synchronization active
2026-05-18 10:03:24 INFO PostgreSQL Database accepting client connections
2026-05-18 10:03:49 WARNING PostgreSQL Query latency exceeded 1200ms threshold
2026-05-18 10:04:10 WARNING PostgreSQL Active database connections above 85 percent
2026-05-18 10:04:36 INFO PostgreSQL Slow query logging enabled
2026-05-18 10:05:04 WARNING PostgreSQL Transaction execution delay detected
2026-05-18 10:05:31 ERROR PostgreSQL Deadlock detected during order transaction
2026-05-18 10:05:54 INFO PostgreSQL Retrying failed transaction
2026-05-18 10:06:13 WARNING PostgreSQL Replication lag increased to 18 seconds
2026-05-18 10:06:42 ERROR PostgreSQL Replica node disconnected unexpectedly
2026-05-18 10:07:05 WARNING PostgreSQL Disk I/O utilization above safe threshold
2026-05-18 10:07:34 ERROR PostgreSQL Remaining connection slots reserved
2026-05-18 10:07:59 INFO PostgreSQL Connection cleanup initiated
2026-05-18 10:08:18 WARNING PostgreSQL API requests waiting on database response
2026-05-18 10:08:44 ERROR PostgreSQL Query timeout exceeded for payment transaction
2026-05-18 10:09:06 INFO PostgreSQL Failover validation process started
2026-05-18 10:09:27 WARNING PostgreSQL Replication recovery still pending
2026-05-18 10:09:58 ERROR PostgreSQL Database response latency exceeded 2200ms
2026-05-18 10:10:23 INFO PostgreSQL Read replica restarted successfully
2026-05-18 10:10:47 WARNING PostgreSQL Elevated transaction retry count detected
2026-05-18 10:11:12 INFO PostgreSQL Connection pool recovering gradually
2026-05-18 10:11:41 WARNING PostgreSQL CPU usage exceeded 89 percent
2026-05-18 10:12:08 ERROR PostgreSQL Temporary transaction rollback triggered
2026-05-18 10:12:36 INFO PostgreSQL Query throughput stabilizing
2026-05-18 10:13:02 INFO PostgreSQL Replication synchronization restored
2026-05-18 10:13:28 INFO PostgreSQL Database latency returning to normal range
2026-05-18 10:13:54 INFO PostgreSQL Cluster health stabilized